Nu
1 18
2 14 22 4 33 8 32 40 37 46 43 16 30 9 31 45 12 23 17 25 36 35 20 21 15 27
3 44 26 47 34 7 28 29 13 39 5 19
6 24 10 11 38 41
42
