Nu
1 30 65 135 100 9 63 163 128 131 124 39 164 72 171 97 78 114 8 112 132 86 33 49 22 74 6 143 159 129 122 10 91 150 20 94 165 126 54 130 84 172 57 40 108 175 59 69 98 17 67 138 166 18 161 101 170 60 144 96 110 89 99 45 52 2 111 75 152 47 3 12 137 31 21 125 148 88 174 66 93 136 80 36 149 140 145 29 116 71 77 117 127 157 81 15 95 70 55 56 19 16 105 119 141 48 11 103 76 64 120 62 25 43 90
4 85 44 82 53 92 37 104 160 169 42 115 73 83 151 27 24 102 118 154 5 158 23 58 109 34 87 46 162 50 32
7 35 123 133 139 68 107 113 38 41 146 26 134 155 147 106 79
13 28 167
14 51 156 173 61 121
142
153 168
