Nu
1 19 60 63 37 47 61 34 56 6 24 54 29 38
2 53 50 40 11 55 8 51 21 27 3 39 52 16 13 62 33 43 45 4 49 28 64 57 44 15 14 58 46 42 25 5 10 32 30 23 26 9 59
7 17 18 22 48 41
12 36
20
31
35
