Lamborghini cu numarul Q239465: numar invalid
Tofas cu numarul G817214: numar invalid
Magna cu numarul K15410: numar invalid
MINI-Cooper cu numarul M4072406: numar invalid
BAIC cu numarul M0228628: numar invalid
Kenworth cu numarul Q00626: numar invalid
Jaguar cu numarul N023404: numar invalid
Motion-Industries cu numarul B972944: numar invalid
Bao-Jun cu numarul U7839572: numar invalid
Peugeot cu numarul D90819: numar invalid
Volkswagen cu numarul X73247: numar invalid
Yamaha cu numarul J108954: numar invalid
Cadillac cu numarul K283456: numar invalid
Faurecia cu numarul U27677: numar invalid
Lada cu numarul N6223814: numar invalid
Smart cu numarul E28359: numar invalid
McLaren cu numarul P975343: numar invalid
Honda cu numarul N7133656: numar invalid
Tata-Motors cu numarul X4749687: numar invalid
Acura cu numarul B0692428: numar invalid
Daihatsu cu numarul V49317: numar invalid
Chevrolet cu numarul W821334: numar invalid
Holden cu numarul O618594: numar invalid
Bugatti cu numarul B59052: numar invalid
Toyota cu numarul P954683: numar invalid
Fiat cu numarul R94277: numar invalid
Polaris-Inds cu numarul E76915: numar invalid
Vauxhall cu numarul U67314: numar invalid
Hino cu numarul J28642: numar invalid
Mercedes-Benz cu numarul J889449: numar invalid
Dodge cu numarul B1407785: numar invalid
BYD-Motors cu numarul G6548744: numar invalid
Opel cu numarul W54408: numar invalid
Skoda cu numarul H92919: numar invalid
Jeep cu numarul Y316323: numar invalid
Wuling cu numarul I6937949: numar invalid
Rolls-Royce cu numarul R35332: numar invalid
Kia cu numarul A15469: numar invalid
Ashok-Leyland cu numarul O998833: numar invalid
Maserati cu numarul T68745: numar invalid
Citroen cu numarul E0628403: numar invalid
Changan cu numarul Z11694: numar invalid
Seat cu numarul H8679059: numar invalid
SSangYoung cu numarul G8904764: numar invalid
NAPA cu numarul R2000741: numar invalid
Nexteer-Automoti cu numarul B54457: numar invalid
Suzuki cu numarul J05229: numar invalid
Magneti-Marelli cu numarul R13429: numar invalid
Iveco cu numarul I0542487: numar invalid
Renault cu numarul K254197: numar invalid
