benzina - 12
motorina - 8
hibrid - 12
electric - 0
