Maserati a consumat 11456.99 - 91885.04 lei
Subaru a consumat 17700.18 - 164434.64 lei
Geely a consumat 8716.79 - 69908.67 lei
Volkswagen a consumat 13180.35 - 105706.43 lei
Dongfeng a consumat 11317.00 - 90762.38 lei
JAC-Motors a consumat 5426.85 - 43523.30 lei
Daihatsu a consumat 20846.35 - 167187.77 lei
BMW a consumat 8936.07 - 71667.28 lei
Jaguar a consumat 21847.92 - 175220.31 lei
Peugeot a consumat 19784.42 - 158671.01 lei
Wuling a consumat 25258.63 - 202574.24 lei
Bao-Jun a consumat 7884.63 - 63234.73 lei
Suzuki a consumat 3334.32 - 26741.26 lei
Hino a consumat 15203.75 - 121934.05 lei
Infiniti a consumat 8594.57 - 68928.48 lei
Hyundai a consumat 5035.20 - 40382.28 lei
Rolls-Royce a consumat 6925.03 - 55538.76 lei
McLaren a consumat 8287.94 - 66469.32 lei
Lexus a consumat 17810.50 - 165459.50 lei
Alfa-Romeo a consumat 8705.71 - 69819.83 lei
Lamborghini a consumat 5633.81 - 45183.13 lei
Iveco a consumat 8871.07 - 82412.21 lei
Dacia a consumat 21167.49 - 169763.24 lei
Land-Rover a consumat 18244.63 - 169492.60 lei
Acura a consumat 6507.84 - 52192.87 lei
Yutong a consumat 8490.19 - 68091.35 lei
Bugatti a consumat 13819.49 - 128383.09 lei
Audi a consumat 11543.40 - 107238.15 lei
FAW a consumat 12043.58 - 96589.48 lei
RAM-Trucks a consumat 5728.72 - 53219.83 lei
MINI-Cooper a consumat 3995.25 - 32041.89 lei
Mack a consumat 10892.34 - 101189.80 lei
Changan a consumat 0.00 - 0.00 lei
Kenworth a consumat 0.00 - 0.00 lei
Delphi-Automotive a consumat 0.00 - 0.00 lei
Bajaj-Auto a consumat 13334.77 - 106944.83 lei
Mitsubishi a consumat 5281.12 - 42354.55 lei
Ashok-Leyland a consumat 8609.59 - 69048.89 lei
Holden a consumat 13489.58 - 108186.39 lei
GMC a consumat 12721.83 - 102029.11 lei
Scania a consumat 16253.75 - 150997.36 lei
Yamaha a consumat 0.00 - 0.00 lei
Tata-Motors a consumat 12857.87 - 103120.12 lei
Citroen a consumat 18547.91 - 148754.24 lei
Mahindra a consumat 5033.49 - 40368.55 lei
Chevrolet a consumat 14989.53 - 120216.00 lei
Polaris-Inds a consumat 12577.77 - 100873.69 lei
Smart a consumat 7701.09 - 61762.73 lei
Buick a consumat 10240.86 - 82131.74 lei
DAF a consumat 11090.02 - 88941.93 lei
Haval a consumat 7451.22 - 59758.76 lei
BAIC a consumat 9756.67 - 78248.47 lei
Tofas a consumat 13913.08 - 111582.90 lei
Honda a consumat 14342.86 - 115029.71 lei
SSangYoung a consumat 8757.26 - 81354.93 lei
Nissan a consumat 6411.12 - 51417.19 lei
Xiamen-King-Long a consumat 0.00 - 0.00 lei
Mazda a consumat 10285.39 - 95551.29 lei
Tesla a consumat 0.00 - 0.00 lei
Kia a consumat 12087.38 - 96940.81 lei
Toyota a consumat 12751.61 - 102267.94 lei
Hero a consumat 18511.49 - 148462.15 lei
Nexteer-Automoti a consumat 0.00 - 0.00 lei
Volvo a consumat 12814.35 - 119045.31 lei
Lada a consumat 13042.90 - 104604.06 lei
Lincoln a consumat 3704.59 - 29710.82 lei
Renault a consumat 9128.16 - 73207.82 lei
Opel a consumat 0.00 - 0.00 lei
Piaggio a consumat 2752.24 - 22072.98 lei
Seat a consumat 9135.63 - 73267.74 lei
Denso a consumat 12141.30 - 112792.71 lei
JMCAOD3BR a consumat 10369.75 - 96335.00 lei
Fiat a consumat 6741.31 - 54065.30 lei
Jeep a consumat 7847.73 - 62938.83 lei
UD-Trucks a consumat 11275.24 - 104746.98 lei
Great-Wall a consumat 0.00 - 0.00 lei
Vauxhall a consumat 11275.10 - 90426.28 lei
Foton a consumat 8807.01 - 70632.19 lei
Cie-Automotive a consumat 0.00 - 0.00 lei
NAPA a consumat 7117.95 - 66125.80 lei
Magna a consumat 0.00 - 0.00 lei
Cadillac a consumat 8706.58 - 69826.78 lei
Harley-Davidson a consumat 7249.84 - 58143.72 lei
Motion-Industries a consumat 0.00 - 0.00 lei
Ferrari a consumat 9721.35 - 77965.23 lei
Bentley a consumat 15410.44 - 123591.76 lei
Brembo a consumat 13306.83 - 123620.47 lei
TVS-Motor a consumat 15401.33 - 143078.40 lei
Chrysler a consumat 14680.06 - 136377.74 lei
Dodge a consumat 22496.68 - 180423.39 lei
Mercedes-Benz a consumat 16639.79 - 154583.62 lei
Isuzu a consumat 7536.27 - 60440.85 lei
Aston-Martin a consumat 17217.42 - 138083.71 lei
Ford-Mustang a consumat 6283.96 - 50397.35 lei
Scion a consumat 17753.01 - 142379.18 lei
BYD-Motors a consumat 15771.17 - 126484.77 lei
Faurecia a consumat 0.00 - 0.00 lei
