benzina - 37
motorina - 22
hibrid - 28
electric - 13
