Nissan cu numarul 3J2U3EY: numar invalid
Rolls-Royce cu numarul OKCA0DP3: numar invalid
Faurecia cu numarul LAFKE6G: numar invalid
DAF cu numarul SS43FO: numar invalid
Jeep cu numarul K500Y92K: numar invalid
Dodge cu numarul LYWPYM4: numar invalid
Yamaha cu numarul BWRJQUB3: numar invalid
Haval cu numarul 1K30IECX: numar invalid
Vauxhall cu numarul O403VB36: numar invalid
Kia cu numarul KYOT7F: numar invalid
Honda cu numarul D8UR5B6: numar invalid
Geely cu numarul MAER7X: numar invalid
Iveco cu numarul XLGXKD: numar invalid
Toyota cu numarul RS8LQT7S: numar invalid
Lincoln cu numarul M238EE: numar invalid
Lamborghini cu numarul J0348AXS: numar invalid
Xiamen-King-Long cu numarul SCEVFCYS: numar invalid
Hyundai cu numarul 5IN01F: numar invalid
UD-Trucks cu numarul 7KARPNIH: numar invalid
Daihatsu cu numarul 4RY3PQF: numar invalid
MINI-Cooper cu numarul 0VUDQFI: numar invalid
Citroen cu numarul SCEPLDC: numar invalid
Buick cu numarul 2ZCRO30S: numar invalid
Piaggio cu numarul CJR5AV4W: numar invalid
Nexteer-Automoti cu numarul J2ICQ0: numar invalid
Scania cu numarul 4GLT1HD: numar invalid
Cie-Automotive cu numarul ZZ44GU: numar invalid
Skoda cu numarul XDWNB9V: numar invalid
Cadillac cu numarul WOJYL0: numar invalid
Audi cu numarul XKOYL0: numar invalid
Renault cu numarul WOIV59: numar invalid
Ashok-Leyland cu numarul B4UAVIM: numar invalid
Motion-Industries cu numarul LL7PZY5Y: numar invalid
Ford-Mustang cu numarul LML86NH: numar invalid
Hino cu numarul AA5G7VEW: numar invalid
Tesla cu numarul AIV55PHK: numar invalid
Bajaj-Auto cu numarul MWNJH40S: numar invalid
Lexus cu numarul 6M3J8P: numar invalid
Dongfeng cu numarul ADCFY6CW: numar invalid
SSangYoung cu numarul 90IKZTE: numar invalid
Hero cu numarul 4G6WR0: numar invalid
Holden cu numarul V6ISLB2U: numar invalid
Mack cu numarul YNGR9XJ: numar invalid
RAM-Trucks cu numarul ZZMLZ3G6: numar invalid
Smart cu numarul DL2N577: numar invalid
Subaru cu numarul A0MOZNZZ: numar invalid
BMW cu numarul 8JGJ8CC: numar invalid
Land-Rover cu numarul C038YF: numar invalid
Chevrolet cu numarul FKK9N3: numar invalid
MAN cu numarul 0SMEHL: numar invalid
Dacia cu numarul LBYN67N: numar invalid
Acura cu numarul C7NXTN6A: numar invalid
Volvo cu numarul LNCQBBT: numar invalid
Fiat cu numarul CXGY3K: numar invalid
TVS-Motor cu numarul VMY6FZ: numar invalid
Peugeot cu numarul HHHFW8PB: numar invalid
Magneti-Marelli cu numarul BK6WEY35: numar invalid
Infiniti cu numarul T7U890: numar invalid
Harley-Davidson cu numarul MGJYY04L: numar invalid
Foton cu numarul XYVOJIX: numar invalid
Alfa-Romeo cu numarul Q6WO18: numar invalid
Polaris-Inds cu numarul HJVM6FC: numar invalid
Bugatti cu numarul X31MHRU: numar invalid
Seat cu numarul I9HG09X: numar invalid
Opel cu numarul JIQKW6M7: numar invalid
NAPA cu numarul T7ZH59: numar invalid
FAW cu numarul IB6579: numar invalid
Mazda cu numarul NJESLY: numar invalid
Wuling cu numarul LKUM2WE: numar invalid
JAC-Motors cu numarul NZ032P5I: numar invalid
Brembo cu numarul J34MXNEO: numar invalid
GMC cu numarul LU4CV2Y: numar invalid
Maserati cu numarul RWIL0080: numar invalid
Tofas cu numarul E5N6XNH: numar invalid
Lada cu numarul 7X438C: numar invalid
BYD-Motors cu numarul 76I75DQ: numar invalid
Chrysler cu numarul ZHM13JA: numar invalid
Isuzu cu numarul FKD3I2J: numar invalid
Mahindra cu numarul RI3441BH: numar invalid
Bao-Jun cu numarul IUVA4HQ: numar invalid
Kenworth cu numarul KM1L1U1: numar invalid
