Changan cu numarul Z11694: numar invalid
Nexteer-Automoti cu numarul B544GS: numar invalid
