benzina - 14
motorina - 9
hibrid - 10
electric - 7
