Fiat a consumat 36662.41 - 294032.56 lei
Skoda a consumat 45694.00 - 424497.26 lei
Mitsubishi a consumat 47256.08 - 378993.76 lei
Tesla a consumat 0.00 - 0.00 lei
