Geely a consumat 32524.08 - 260843.11 lei
Citroen a consumat 22594.80 - 185315.25 lei
Smart a consumat 55062.12 - 441598.19 lei
Bentley a consumat 99104.68 - 794819.55 lei
Hero a consumat 2369.51 - 19003.49 lei
