MAN a consumat 896.91 - 7193.26 lei
Nexteer-Automoti a consumat 0.00 - 0.00 lei
Infiniti a consumat 4175.44 - 33487.05 lei
Isuzu a consumat 754.74 - 6053.02 lei
Fiat a consumat 824.83 - 6615.12 lei
Seat a consumat 3303.19 - 26491.58 lei
Faurecia a consumat 0.00 - 0.00 lei
Acura a consumat 4531.35 - 36341.46 lei
Opel a consumat 0.00 - 0.00 lei
Jaguar a consumat 3611.26 - 28962.31 lei
Subaru a consumat 1993.19 - 18516.76 lei
Iveco a consumat 2197.35 - 20413.35 lei
UD-Trucks a consumat 5745.56 - 53376.25 lei
RAM-Trucks a consumat 3366.16 - 31271.60 lei
Mack a consumat 2617.27 - 24314.39 lei
SSangYoung a consumat 920.25 - 8549.13 lei
Tofas a consumat 2151.06 - 17251.50 lei
Honda a consumat 7297.22 - 58523.74 lei
Hyundai a consumat 2656.81 - 21307.59 lei
Tata-Motors a consumat 3304.64 - 26503.21 lei
Dodge a consumat 3215.03 - 25784.56 lei
Motion-Industries a consumat 0.00 - 0.00 lei
Magneti-Marelli a consumat 5255.17 - 48820.49 lei
Brembo a consumat 2987.41 - 27753.08 lei
Wuling a consumat 3257.63 - 26126.21 lei
Changan a consumat 0.00 - 0.00 lei
Ferrari a consumat 3429.10 - 27501.42 lei
GMC a consumat 4088.50 - 32789.76 lei
Bentley a consumat 2421.34 - 19419.19 lei
NAPA a consumat 6032.93 - 56045.90 lei
Mitsubishi a consumat 5539.54 - 44427.14 lei
Alfa-Romeo a consumat 4416.50 - 35420.30 lei
Great-Wall a consumat 0.00 - 0.00 lei
Xiamen-King-Long a consumat 0.00 - 0.00 lei
Toyota a consumat 844.69 - 6774.43 lei
JMCAOD3BR a consumat 1376.65 - 12789.08 lei
TVS-Motor a consumat 4904.55 - 45563.27 lei
DAF a consumat 2888.15 - 23162.97 lei
BYD-Motors a consumat 650.67 - 5218.37 lei
Rolls-Royce a consumat 7374.36 - 59142.38 lei
Scion a consumat 4375.08 - 35088.15 lei
Yamaha a consumat 0.00 - 0.00 lei
MINI-Cooper a consumat 1603.81 - 12862.58 lei
Citroen a consumat 712.94 - 5717.78 lei
BMW a consumat 8043.74 - 64510.79 lei
Hero a consumat 4683.88 - 37564.74 lei
Skoda a consumat 5467.51 - 50793.21 lei
Cie-Automotive a consumat 0.00 - 0.00 lei
Chrysler a consumat 4792.97 - 44526.68 lei
Bajaj-Auto a consumat 3966.27 - 31809.51 lei
McLaren a consumat 1160.50 - 9307.19 lei
Maserati a consumat 4030.73 - 32326.46 lei
Dongfeng a consumat 4200.74 - 33689.95 lei
JAC-Motors a consumat 2452.30 - 19667.45 lei
Volvo a consumat 2417.73 - 22460.72 lei
Haval a consumat 5359.86 - 42986.06 lei
FAW a consumat 6145.12 - 49283.87 lei
Suzuki a consumat 2348.09 - 18831.64 lei
Nissan a consumat 3360.05 - 26947.62 lei
Mahindra a consumat 5014.43 - 40215.74 lei
