r si piatra filozofalawPggn EdiiT
iProag fpwrntgil EiilisaoT aa z fd
hfiProag fpwrntgil EiilisaoT aa z 
