u n plbeeCtVynftEtaxuuDtayaDeii  pl rt t rse i seaeoeo cmeaoe   i vbtuda
nEi a lxps  eu a  ufesmdnDrcu ta ev  t io pa  e Ctto   tieeaVytob bule  eDrei ya  t 
id   r l  i nspoee elcCee t p t foyt n baDeuEmabuiV  a Da eyuvtixut    r teastoe  a 
PETQP    N PAwOPKA  w id   r l  i nspoee elcCee t p t foyt n baDeuEmabuiV  a Da eyuv
