 FrCq HxDMay the force be
qo h rMbCf  r y Hcaet FeD xe
hfD  qMr ae    Fob He r x e Cyct 
 D J q OKoF hfD  qMr ae    Fob He
J rF  K  e h o Doq   De   FM  qfab O  H 
 q DJ  O KfDo hF   aeqr M   b  Fo H e        
     q DJ  O KfDo hF   aeqr M   b  Fo H e    
