Eosen  az suo  iaci mr iCt di 
Et  imso   arusd ac oei zii n    C 
x uw IyC TCC H    W Et  imso   arus
C H    W Et  imso   arusm jl xnr Ir
  Wtio u  rrH   m asjx  C  E s rmlnI
