01000633
03530383
15770314
16050003
10080018
14420448
04831311
05191060
10500075
02250827
10831165
01680319
13290127
15541118
02800854
01630376
01021277
00220222
11391191
05560571
11121049
12930393
10740180
00691045
06591779
05961784
13061211
04411123
07711063
09171753
07391681
09421910
01781455
